// Jest Snapshot v1, https://goo.gl/fbAQLP

exports[`test 1`] = `"Creature"`;

exports[`test 2`] = `"Land"`;
